Archive member included to satisfy reference by file (symbol)

c:/program files (x86)/gnu tools arm embedded/5.4 2016q3/bin/../lib/gcc/arm-none-eabi/5.4.1/armv7e-m\libgcc.a(_arm_addsubdf3.o)
                              ..\obj\main.o (__aeabi_i2d)
c:/program files (x86)/gnu tools arm embedded/5.4 2016q3/bin/../lib/gcc/arm-none-eabi/5.4.1/armv7e-m\libgcc.a(_arm_muldivdf3.o)
                              ..\obj\main.o (__aeabi_dmul)
c:/program files (x86)/gnu tools arm embedded/5.4 2016q3/bin/../lib/gcc/arm-none-eabi/5.4.1/armv7e-m\libgcc.a(_arm_fixunsdfsi.o)
                              ..\obj\main.o (__aeabi_d2uiz)

Allocating common symbols
Common symbol       size              file

array_index         0x4               ..\obj\main.o
valueFromADC        0x10              ..\obj\funkcje.o
ultrawavesensorHightime
                    0x2               ..\obj\main.o
dac                 0x1               ..\obj\main.o
PWM_Right           0x4               ..\obj\main.o
PWM_Left            0x4               ..\obj\main.o
cmd                 0x5               ..\obj\main.o

Discarded input sections

 .text          0x00000000        0x0 ..\obj\stm32f4xx_syscfg.o
 .data          0x00000000        0x0 ..\obj\stm32f4xx_syscfg.o
 .bss           0x00000000        0x0 ..\obj\stm32f4xx_syscfg.o
 .text.SYSCFG_DeInit
                0x00000000       0x1c ..\obj\stm32f4xx_syscfg.o
 .text.SYSCFG_MemoryRemapConfig
                0x00000000       0x20 ..\obj\stm32f4xx_syscfg.o
 .text.SYSCFG_EXTILineConfig
                0x00000000       0x84 ..\obj\stm32f4xx_syscfg.o
 .text.SYSCFG_ETH_MediaInterfaceConfig
                0x00000000       0x1c ..\obj\stm32f4xx_syscfg.o
 .text.SYSCFG_CompensationCellCmd
                0x00000000       0x20 ..\obj\stm32f4xx_syscfg.o
 .text.SYSCFG_GetCompensationCellStatus
                0x00000000       0x30 ..\obj\stm32f4xx_syscfg.o
 .debug_info    0x00000000      0x274 ..\obj\stm32f4xx_syscfg.o
 .debug_abbrev  0x00000000      0x133 ..\obj\stm32f4xx_syscfg.o
 .debug_aranges
                0x00000000       0x48 ..\obj\stm32f4xx_syscfg.o
 .debug_ranges  0x00000000       0x38 ..\obj\stm32f4xx_syscfg.o
 .debug_line    0x00000000      0x20a ..\obj\stm32f4xx_syscfg.o
 .debug_str     0x00000000      0x2e9 ..\obj\stm32f4xx_syscfg.o
 .comment       0x00000000       0x6f ..\obj\stm32f4xx_syscfg.o
 .debug_frame   0x00000000       0xf4 ..\obj\stm32f4xx_syscfg.o
 .ARM.attributes
                0x00000000       0x33 ..\obj\stm32f4xx_syscfg.o
 .text          0x00000000        0x0 ..\obj\czesc.o
 .data          0x00000000        0x0 ..\obj\czesc.o
 .bss           0x00000000        0x0 ..\obj\czesc.o
 .text          0x00000000        0x0 ..\obj\stm32f4xx_usart.o
 .data          0x00000000        0x0 ..\obj\stm32f4xx_usart.o
 .bss           0x00000000        0x0 ..\obj\stm32f4xx_usart.o
 .text.USART_DeInit
                0x00000000       0xd4 ..\obj\stm32f4xx_usart.o
 .text.USART_StructInit
                0x00000000       0x38 ..\obj\stm32f4xx_usart.o
 .text.USART_ClockInit
                0x00000000       0x54 ..\obj\stm32f4xx_usart.o
 .text.USART_ClockStructInit
                0x00000000       0x2c ..\obj\stm32f4xx_usart.o
 .text.USART_SetPrescaler
                0x00000000       0x38 ..\obj\stm32f4xx_usart.o
 .text.USART_OverSampling8Cmd
                0x00000000       0x44 ..\obj\stm32f4xx_usart.o
 .text.USART_OneBitMethodCmd
                0x00000000       0x40 ..\obj\stm32f4xx_usart.o
 .text.USART_SendData
                0x00000000       0x24 ..\obj\stm32f4xx_usart.o
 .text.USART_SetAddress
                0x00000000       0x38 ..\obj\stm32f4xx_usart.o
 .text.USART_ReceiverWakeUpCmd
                0x00000000       0x40 ..\obj\stm32f4xx_usart.o
 .text.USART_WakeUpConfig
                0x00000000       0x38 ..\obj\stm32f4xx_usart.o
 .text.USART_LINBreakDetectLengthConfig
                0x00000000       0x38 ..\obj\stm32f4xx_usart.o
 .text.USART_LINCmd
                0x00000000       0x40 ..\obj\stm32f4xx_usart.o
 .text.USART_SendBreak
                0x00000000       0x24 ..\obj\stm32f4xx_usart.o
 .text.USART_HalfDuplexCmd
                0x00000000       0x40 ..\obj\stm32f4xx_usart.o
 .text.USART_SetGuardTime
                0x00000000       0x3c ..\obj\stm32f4xx_usart.o
 .text.USART_SmartCardCmd
                0x00000000       0x40 ..\obj\stm32f4xx_usart.o
 .text.USART_SmartCardNACKCmd
                0x00000000       0x40 ..\obj\stm32f4xx_usart.o
 .text.USART_IrDAConfig
                0x00000000       0x38 ..\obj\stm32f4xx_usart.o
 .text.USART_IrDACmd
                0x00000000       0x40 ..\obj\stm32f4xx_usart.o
 .text.USART_DMACmd
                0x00000000       0x48 ..\obj\stm32f4xx_usart.o
 .text.USART_GetFlagStatus
                0x00000000       0x38 ..\obj\stm32f4xx_usart.o
 .text.USART_ClearFlag
                0x00000000       0x20 ..\obj\stm32f4xx_usart.o
 .text.USART_ClearITPendingBit
                0x00000000       0x38 ..\obj\stm32f4xx_usart.o
 .text          0x00000000        0x0 ..\obj\funkcje.o
 .data          0x00000000        0x0 ..\obj\funkcje.o
 .bss           0x00000000        0x0 ..\obj\funkcje.o
 .text          0x00000000        0x0 ..\obj\stm32f4xx_dac.o
 .data          0x00000000        0x0 ..\obj\stm32f4xx_dac.o
 .bss           0x00000000        0x0 ..\obj\stm32f4xx_dac.o
 .text.DAC_DeInit
                0x00000000       0x1c ..\obj\stm32f4xx_dac.o
 .text.DAC_StructInit
                0x00000000       0x2c ..\obj\stm32f4xx_dac.o
 .text.DAC_SoftwareTriggerCmd
                0x00000000       0x4c ..\obj\stm32f4xx_dac.o
 .text.DAC_DualSoftwareTriggerCmd
                0x00000000       0x38 ..\obj\stm32f4xx_dac.o
 .text.DAC_WaveGenerationCmd
                0x00000000       0x4c ..\obj\stm32f4xx_dac.o
 .text.DAC_SetChannel2Data
                0x00000000       0x34 ..\obj\stm32f4xx_dac.o
 .text.DAC_SetDualChannelData
                0x00000000       0x58 ..\obj\stm32f4xx_dac.o
 .text.DAC_GetDataOutputValue
                0x00000000       0x30 ..\obj\stm32f4xx_dac.o
 .text.DAC_DMACmd
                0x00000000       0x4c ..\obj\stm32f4xx_dac.o
 .text.DAC_ITConfig
                0x00000000       0x4c ..\obj\stm32f4xx_dac.o
 .text.DAC_GetFlagStatus
                0x00000000       0x3c ..\obj\stm32f4xx_dac.o
 .text.DAC_ClearFlag
                0x00000000       0x24 ..\obj\stm32f4xx_dac.o
 .text.DAC_GetITStatus
                0x00000000       0x54 ..\obj\stm32f4xx_dac.o
 .text.DAC_ClearITPendingBit
                0x00000000       0x24 ..\obj\stm32f4xx_dac.o
 .text          0x00000000        0x0 ..\obj\startup_stm32f4xx.o
 .data          0x00000000        0x0 ..\obj\startup_stm32f4xx.o
 .bss           0x00000000        0x0 ..\obj\startup_stm32f4xx.o
 .text          0x00000000        0x0 ..\obj\main.o
 .text          0x00000000        0x0 ..\obj\stm32f4xx_rcc.o
 .bss           0x00000000        0x0 ..\obj\stm32f4xx_rcc.o
 .text.RCC_DeInit
                0x00000000       0x50 ..\obj\stm32f4xx_rcc.o
 .text.RCC_HSEConfig
                0x00000000       0x24 ..\obj\stm32f4xx_rcc.o
 .text.RCC_WaitForHSEStartUp
                0x00000000       0x50 ..\obj\stm32f4xx_rcc.o
 .text.RCC_AdjustHSICalibrationValue
                0x00000000       0x3c ..\obj\stm32f4xx_rcc.o
 .text.RCC_HSICmd
                0x00000000       0x20 ..\obj\stm32f4xx_rcc.o
 .text.RCC_LSEConfig
                0x00000000       0x40 ..\obj\stm32f4xx_rcc.o
 .text.RCC_LSICmd
                0x00000000       0x20 ..\obj\stm32f4xx_rcc.o
 .text.RCC_PLLConfig
                0x00000000       0x3c ..\obj\stm32f4xx_rcc.o
 .text.RCC_PLLCmd
                0x00000000       0x20 ..\obj\stm32f4xx_rcc.o
 .text.RCC_PLLI2SConfig
                0x00000000       0x28 ..\obj\stm32f4xx_rcc.o
 .text.RCC_PLLI2SCmd
                0x00000000       0x20 ..\obj\stm32f4xx_rcc.o
 .text.RCC_ClockSecuritySystemCmd
                0x00000000       0x20 ..\obj\stm32f4xx_rcc.o
 .text.RCC_MCO1Config
                0x00000000       0x3c ..\obj\stm32f4xx_rcc.o
 .text.RCC_MCO2Config
                0x00000000       0x3c ..\obj\stm32f4xx_rcc.o
 .text.RCC_SYSCLKConfig
                0x00000000       0x38 ..\obj\stm32f4xx_rcc.o
 .text.RCC_GetSYSCLKSource
                0x00000000       0x1c ..\obj\stm32f4xx_rcc.o
 .text.RCC_HCLKConfig
                0x00000000       0x38 ..\obj\stm32f4xx_rcc.o
 .text.RCC_PCLK1Config
                0x00000000       0x38 ..\obj\stm32f4xx_rcc.o
 .text.RCC_PCLK2Config
                0x00000000       0x38 ..\obj\stm32f4xx_rcc.o
 .text.RCC_RTCCLKConfig
                0x00000000       0x5c ..\obj\stm32f4xx_rcc.o
 .text.RCC_RTCCLKCmd
                0x00000000       0x20 ..\obj\stm32f4xx_rcc.o
 .text.RCC_BackupResetCmd
                0x00000000       0x20 ..\obj\stm32f4xx_rcc.o
 .text.RCC_I2SCLKConfig
                0x00000000       0x1c ..\obj\stm32f4xx_rcc.o
 .text.RCC_AHB2PeriphClockCmd
                0x00000000       0x3c ..\obj\stm32f4xx_rcc.o
 .text.RCC_AHB3PeriphClockCmd
                0x00000000       0x3c ..\obj\stm32f4xx_rcc.o
 .text.RCC_AHB1PeriphResetCmd
                0x00000000       0x3c ..\obj\stm32f4xx_rcc.o
 .text.RCC_AHB2PeriphResetCmd
                0x00000000       0x3c ..\obj\stm32f4xx_rcc.o
 .text.RCC_AHB3PeriphResetCmd
                0x00000000       0x3c ..\obj\stm32f4xx_rcc.o
 .text.RCC_APB1PeriphResetCmd
                0x00000000       0x3c ..\obj\stm32f4xx_rcc.o
 .text.RCC_APB2PeriphResetCmd
                0x00000000       0x3c ..\obj\stm32f4xx_rcc.o
 .text.RCC_AHB1PeriphClockLPModeCmd
                0x00000000       0x3c ..\obj\stm32f4xx_rcc.o
 .text.RCC_AHB2PeriphClockLPModeCmd
                0x00000000       0x3c ..\obj\stm32f4xx_rcc.o
 .text.RCC_AHB3PeriphClockLPModeCmd
                0x00000000       0x3c ..\obj\stm32f4xx_rcc.o
 .text.RCC_APB1PeriphClockLPModeCmd
                0x00000000       0x3c ..\obj\stm32f4xx_rcc.o
 .text.RCC_APB2PeriphClockLPModeCmd
                0x00000000       0x3c ..\obj\stm32f4xx_rcc.o
 .text.RCC_ITConfig
                0x00000000       0x4c ..\obj\stm32f4xx_rcc.o
 .text.RCC_GetFlagStatus
                0x00000000       0x74 ..\obj\stm32f4xx_rcc.o
 .text.RCC_ClearFlag
                0x00000000       0x1c ..\obj\stm32f4xx_rcc.o
 .text.RCC_GetITStatus
                0x00000000       0x34 ..\obj\stm32f4xx_rcc.o
 .text.RCC_ClearITPendingBit
                0x00000000       0x20 ..\obj\stm32f4xx_rcc.o
 .text          0x00000000        0x0 ..\obj\stm32f4xx_adc.o
 .data          0x00000000        0x0 ..\obj\stm32f4xx_adc.o
 .bss           0x00000000        0x0 ..\obj\stm32f4xx_adc.o
 .text.ADC_DeInit
                0x00000000       0x1c ..\obj\stm32f4xx_adc.o
 .text.ADC_StructInit
                0x00000000       0x3c ..\obj\stm32f4xx_adc.o
 .text.ADC_CommonStructInit
                0x00000000       0x2c ..\obj\stm32f4xx_adc.o
 .text.ADC_AnalogWatchdogCmd
                0x00000000       0x38 ..\obj\stm32f4xx_adc.o
 .text.ADC_AnalogWatchdogThresholdsConfig
                0x00000000       0x28 ..\obj\stm32f4xx_adc.o
 .text.ADC_AnalogWatchdogSingleChannelConfig
                0x00000000       0x38 ..\obj\stm32f4xx_adc.o
 .text.ADC_TempSensorVrefintCmd
                0x00000000       0x38 ..\obj\stm32f4xx_adc.o
 .text.ADC_VBATCmd
                0x00000000       0x38 ..\obj\stm32f4xx_adc.o
 .text.ADC_GetSoftwareStartConvStatus
                0x00000000       0x30 ..\obj\stm32f4xx_adc.o
 .text.ADC_EOCOnEachRegularChannelCmd
                0x00000000       0x38 ..\obj\stm32f4xx_adc.o
 .text.ADC_ContinuousModeCmd
                0x00000000       0x38 ..\obj\stm32f4xx_adc.o
 .text.ADC_DiscModeChannelCountConfig
                0x00000000       0x44 ..\obj\stm32f4xx_adc.o
 .text.ADC_DiscModeCmd
                0x00000000       0x38 ..\obj\stm32f4xx_adc.o
 .text.ADC_GetConversionValue
                0x00000000       0x18 ..\obj\stm32f4xx_adc.o
 .text.ADC_GetMultiModeConversionValue
                0x00000000       0x14 ..\obj\stm32f4xx_adc.o
 .text.ADC_MultiModeDMARequestAfterLastTransferCmd
                0x00000000       0x38 ..\obj\stm32f4xx_adc.o
 .text.ADC_InjectedChannelConfig
                0x00000000      0x120 ..\obj\stm32f4xx_adc.o
 .text.ADC_InjectedSequencerLengthConfig
                0x00000000       0x44 ..\obj\stm32f4xx_adc.o
 .text.ADC_SetInjectedOffset
                0x00000000       0x34 ..\obj\stm32f4xx_adc.o
 .text.ADC_ExternalTrigInjectedConvConfig
                0x00000000       0x34 ..\obj\stm32f4xx_adc.o
 .text.ADC_ExternalTrigInjectedConvEdgeConfig
                0x00000000       0x34 ..\obj\stm32f4xx_adc.o
 .text.ADC_SoftwareStartInjectedConv
                0x00000000       0x20 ..\obj\stm32f4xx_adc.o
 .text.ADC_GetSoftwareStartInjectedConvCmdStatus
                0x00000000       0x30 ..\obj\stm32f4xx_adc.o
 .text.ADC_AutoInjectedConvCmd
                0x00000000       0x38 ..\obj\stm32f4xx_adc.o
 .text.ADC_InjectedDiscModeCmd
                0x00000000       0x38 ..\obj\stm32f4xx_adc.o
 .text.ADC_GetInjectedConversionValue
                0x00000000       0x30 ..\obj\stm32f4xx_adc.o
 .text.ADC_ITConfig
                0x00000000       0x50 ..\obj\stm32f4xx_adc.o
 .text.ADC_GetFlagStatus
                0x00000000       0x34 ..\obj\stm32f4xx_adc.o
 .text.ADC_ClearFlag
                0x00000000       0x20 ..\obj\stm32f4xx_adc.o
 .text.ADC_GetITStatus
                0x00000000       0x5c ..\obj\stm32f4xx_adc.o
 .text.ADC_ClearITPendingBit
                0x00000000       0x2c ..\obj\stm32f4xx_adc.o
 .text          0x00000000        0x0 ..\obj\brum.o
 .data          0x00000000        0x0 ..\obj\brum.o
 .bss           0x00000000        0x0 ..\obj\brum.o
 .text          0x00000000        0x0 ..\obj\stm32f4xx_gpio.o
 .data          0x00000000        0x0 ..\obj\stm32f4xx_gpio.o
 .bss           0x00000000        0x0 ..\obj\stm32f4xx_gpio.o
 .text.GPIO_DeInit
                0x00000000      0x120 ..\obj\stm32f4xx_gpio.o
 .text.GPIO_StructInit
                0x00000000       0x34 ..\obj\stm32f4xx_gpio.o
 .text.GPIO_PinLockConfig
                0x00000000       0x44 ..\obj\stm32f4xx_gpio.o
 .text.GPIO_ReadInputData
                0x00000000       0x18 ..\obj\stm32f4xx_gpio.o
 .text.GPIO_ReadOutputDataBit
                0x00000000       0x34 ..\obj\stm32f4xx_gpio.o
 .text.GPIO_ReadOutputData
                0x00000000       0x18 ..\obj\stm32f4xx_gpio.o
 .text.GPIO_WriteBit
                0x00000000       0x30 ..\obj\stm32f4xx_gpio.o
 .text.GPIO_Write
                0x00000000       0x1c ..\obj\stm32f4xx_gpio.o
 .text          0x00000000        0x0 ..\obj\system_stm32f4xx.o
 .data          0x00000000       0x14 ..\obj\system_stm32f4xx.o
 .bss           0x00000000        0x0 ..\obj\system_stm32f4xx.o
 .text.SystemCoreClockUpdate
                0x00000000       0xf8 ..\obj\system_stm32f4xx.o
 .text          0x00000000        0x0 ..\obj\stm32f4xx_dma.o
 .data          0x00000000        0x0 ..\obj\stm32f4xx_dma.o
 .bss           0x00000000        0x0 ..\obj\stm32f4xx_dma.o
 .text.DMA_DeInit
                0x00000000      0x1a4 ..\obj\stm32f4xx_dma.o
 .text.DMA_StructInit
                0x00000000       0x6c ..\obj\stm32f4xx_dma.o
 .text.DMA_PeriphIncOffsetSizeConfig
                0x00000000       0x34 ..\obj\stm32f4xx_dma.o
 .text.DMA_FlowControllerConfig
                0x00000000       0x34 ..\obj\stm32f4xx_dma.o
 .text.DMA_SetCurrDataCounter
                0x00000000       0x1c ..\obj\stm32f4xx_dma.o
 .text.DMA_GetCurrDataCounter
                0x00000000       0x18 ..\obj\stm32f4xx_dma.o
 .text.DMA_DoubleBufferModeConfig
                0x00000000       0x3c ..\obj\stm32f4xx_dma.o
 .text.DMA_DoubleBufferModeCmd
                0x00000000       0x38 ..\obj\stm32f4xx_dma.o
 .text.DMA_MemoryTargetConfig
                0x00000000       0x2c ..\obj\stm32f4xx_dma.o
 .text.DMA_GetCurrentMemoryTarget
                0x00000000       0x30 ..\obj\stm32f4xx_dma.o
 .text.DMA_GetCmdStatus
                0x00000000       0x30 ..\obj\stm32f4xx_dma.o
 .text.DMA_GetFIFOStatus
                0x00000000       0x24 ..\obj\stm32f4xx_dma.o
 .text.DMA_GetFlagStatus
                0x00000000       0x74 ..\obj\stm32f4xx_dma.o
 .text.DMA_ClearFlag
                0x00000000       0x5c ..\obj\stm32f4xx_dma.o
 .text.DMA_ITConfig
                0x00000000       0x74 ..\obj\stm32f4xx_dma.o
 .text.DMA_GetITStatus
                0x00000000       0xac ..\obj\stm32f4xx_dma.o
 .text.DMA_ClearITPendingBit
                0x00000000       0x5c ..\obj\stm32f4xx_dma.o
 .text          0x00000000        0x0 ..\obj\stm32f4xx_exti.o
 .data          0x00000000        0x0 ..\obj\stm32f4xx_exti.o
 .bss           0x00000000        0x0 ..\obj\stm32f4xx_exti.o
 .text.EXTI_DeInit
                0x00000000       0x34 ..\obj\stm32f4xx_exti.o
 .text.EXTI_Init
                0x00000000       0xe4 ..\obj\stm32f4xx_exti.o
 .text.EXTI_StructInit
                0x00000000       0x2c ..\obj\stm32f4xx_exti.o
 .text.EXTI_GenerateSWInterrupt
                0x00000000       0x24 ..\obj\stm32f4xx_exti.o
 .text.EXTI_GetFlagStatus
                0x00000000       0x34 ..\obj\stm32f4xx_exti.o
 .text.EXTI_ClearFlag
                0x00000000       0x1c ..\obj\stm32f4xx_exti.o
 .text.EXTI_GetITStatus
                0x00000000       0x48 ..\obj\stm32f4xx_exti.o
 .text.EXTI_ClearITPendingBit
                0x00000000       0x1c ..\obj\stm32f4xx_exti.o
 .debug_info    0x00000000      0x357 ..\obj\stm32f4xx_exti.o
 .debug_abbrev  0x00000000      0x1a9 ..\obj\stm32f4xx_exti.o
 .debug_aranges
                0x00000000       0x58 ..\obj\stm32f4xx_exti.o
 .debug_ranges  0x00000000       0x48 ..\obj\stm32f4xx_exti.o
 .debug_line    0x00000000      0x295 ..\obj\stm32f4xx_exti.o
 .debug_str     0x00000000      0x34e ..\obj\stm32f4xx_exti.o
 .comment       0x00000000       0x6f ..\obj\stm32f4xx_exti.o
 .debug_frame   0x00000000      0x148 ..\obj\stm32f4xx_exti.o
 .ARM.attributes
                0x00000000       0x33 ..\obj\stm32f4xx_exti.o
 .text          0x00000000        0x0 ..\obj\misc.o
 .data          0x00000000        0x0 ..\obj\misc.o
 .bss           0x00000000        0x0 ..\obj\misc.o
 .text.NVIC_SetVectorTable
                0x00000000       0x2c ..\obj\misc.o
 .text.NVIC_SystemLPConfig
                0x00000000       0x40 ..\obj\misc.o
 .text.SysTick_CLKSourceConfig
                0x00000000       0x38 ..\obj\misc.o
 .text          0x00000000        0x0 ..\obj\stm32f4xx_tim.o
 .data          0x00000000        0x0 ..\obj\stm32f4xx_tim.o
 .bss           0x00000000        0x0 ..\obj\stm32f4xx_tim.o
 .text.TIM_DeInit
                0x00000000      0x1c0 ..\obj\stm32f4xx_tim.o
 .text.TIM_TimeBaseStructInit
                0x00000000       0x34 ..\obj\stm32f4xx_tim.o
 .text.TIM_PrescalerConfig
                0x00000000       0x28 ..\obj\stm32f4xx_tim.o
 .text.TIM_CounterModeConfig
                0x00000000       0x38 ..\obj\stm32f4xx_tim.o
 .text.TIM_SetCounter
                0x00000000       0x1c ..\obj\stm32f4xx_tim.o
 .text.TIM_SetAutoreload
                0x00000000       0x1c ..\obj\stm32f4xx_tim.o
 .text.TIM_GetCounter
                0x00000000       0x18 ..\obj\stm32f4xx_tim.o
 .text.TIM_GetPrescaler
                0x00000000       0x18 ..\obj\stm32f4xx_tim.o
 .text.TIM_UpdateDisableConfig
                0x00000000       0x40 ..\obj\stm32f4xx_tim.o
 .text.TIM_UpdateRequestConfig
                0x00000000       0x40 ..\obj\stm32f4xx_tim.o
 .text.TIM_ARRPreloadConfig
                0x00000000       0x40 ..\obj\stm32f4xx_tim.o
 .text.TIM_SelectOnePulseMode
                0x00000000       0x38 ..\obj\stm32f4xx_tim.o
 .text.TIM_SetClockDivision
                0x00000000       0x38 ..\obj\stm32f4xx_tim.o
 .text.TIM_OCStructInit
                0x00000000       0x44 ..\obj\stm32f4xx_tim.o
 .text.TIM_SelectOCxM
                0x00000000       0xb0 ..\obj\stm32f4xx_tim.o
 .text.TIM_SetCompare1
                0x00000000       0x1c ..\obj\stm32f4xx_tim.o
 .text.TIM_SetCompare2
                0x00000000       0x1c ..\obj\stm32f4xx_tim.o
 .text.TIM_SetCompare3
                0x00000000       0x1c ..\obj\stm32f4xx_tim.o
 .text.TIM_SetCompare4
                0x00000000       0x1c ..\obj\stm32f4xx_tim.o
 .text.TIM_ForcedOC1Config
                0x00000000       0x38 ..\obj\stm32f4xx_tim.o
 .text.TIM_ForcedOC2Config
                0x00000000       0x3c ..\obj\stm32f4xx_tim.o
 .text.TIM_ForcedOC3Config
                0x00000000       0x38 ..\obj\stm32f4xx_tim.o
 .text.TIM_ForcedOC4Config
                0x00000000       0x3c ..\obj\stm32f4xx_tim.o
 .text.TIM_OC1FastConfig
                0x00000000       0x38 ..\obj\stm32f4xx_tim.o
 .text.TIM_OC2FastConfig
                0x00000000       0x3c ..\obj\stm32f4xx_tim.o
 .text.TIM_OC3FastConfig
                0x00000000       0x38 ..\obj\stm32f4xx_tim.o
 .text.TIM_OC4FastConfig
                0x00000000       0x3c ..\obj\stm32f4xx_tim.o
 .text.TIM_ClearOC1Ref
                0x00000000       0x38 ..\obj\stm32f4xx_tim.o
 .text.TIM_ClearOC2Ref
                0x00000000       0x3c ..\obj\stm32f4xx_tim.o
 .text.TIM_ClearOC3Ref
                0x00000000       0x38 ..\obj\stm32f4xx_tim.o
 .text.TIM_ClearOC4Ref
                0x00000000       0x3c ..\obj\stm32f4xx_tim.o
 .text.TIM_OC1PolarityConfig
                0x00000000       0x38 ..\obj\stm32f4xx_tim.o
 .text.TIM_OC1NPolarityConfig
                0x00000000       0x38 ..\obj\stm32f4xx_tim.o
 .text.TIM_OC2PolarityConfig
                0x00000000       0x3c ..\obj\stm32f4xx_tim.o
 .text.TIM_OC2NPolarityConfig
                0x00000000       0x3c ..\obj\stm32f4xx_tim.o
 .text.TIM_OC3PolarityConfig
                0x00000000       0x3c ..\obj\stm32f4xx_tim.o
 .text.TIM_OC3NPolarityConfig
                0x00000000       0x3c ..\obj\stm32f4xx_tim.o
 .text.TIM_OC4PolarityConfig
                0x00000000       0x3c ..\obj\stm32f4xx_tim.o
 .text.TIM_CCxCmd
                0x00000000       0x54 ..\obj\stm32f4xx_tim.o
 .text.TIM_CCxNCmd
                0x00000000       0x54 ..\obj\stm32f4xx_tim.o
 .text.TIM_ICStructInit
                0x00000000       0x30 ..\obj\stm32f4xx_tim.o
 .text.TIM_PWMIConfig
                0x00000000       0xb8 ..\obj\stm32f4xx_tim.o
 .text.TIM_GetCapture1
                0x00000000       0x18 ..\obj\stm32f4xx_tim.o
 .text.TIM_GetCapture3
                0x00000000       0x18 ..\obj\stm32f4xx_tim.o
 .text.TIM_GetCapture4
                0x00000000       0x18 ..\obj\stm32f4xx_tim.o
 .text.TIM_BDTRConfig
                0x00000000       0x50 ..\obj\stm32f4xx_tim.o
 .text.TIM_BDTRStructInit
                0x00000000       0x3c ..\obj\stm32f4xx_tim.o
 .text.TIM_CtrlPWMOutputs
                0x00000000       0x4c ..\obj\stm32f4xx_tim.o
 .text.TIM_SelectCOM
                0x00000000       0x40 ..\obj\stm32f4xx_tim.o
 .text.TIM_CCPreloadControl
                0x00000000       0x40 ..\obj\stm32f4xx_tim.o
 .text.TIM_GenerateEvent
                0x00000000       0x1c ..\obj\stm32f4xx_tim.o
 .text.TIM_GetFlagStatus
                0x00000000       0x38 ..\obj\stm32f4xx_tim.o
 .text.TIM_ClearFlag
                0x00000000       0x20 ..\obj\stm32f4xx_tim.o
 .text.TIM_DMAConfig
                0x00000000       0x28 ..\obj\stm32f4xx_tim.o
 .text.TIM_DMACmd
                0x00000000       0x48 ..\obj\stm32f4xx_tim.o
 .text.TIM_SelectCCDMA
                0x00000000       0x40 ..\obj\stm32f4xx_tim.o
 .text.TIM_InternalClockConfig
                0x00000000       0x24 ..\obj\stm32f4xx_tim.o
 .text.TIM_ITRxExternalClockConfig
                0x00000000       0x30 ..\obj\stm32f4xx_tim.o
 .text.TIM_TIxExternalClockConfig
                0x00000000       0x5c ..\obj\stm32f4xx_tim.o
 .text.TIM_ETRClockMode1Config
                0x00000000       0x60 ..\obj\stm32f4xx_tim.o
 .text.TIM_ETRClockMode2Config
                0x00000000       0x40 ..\obj\stm32f4xx_tim.o
 .text.TIM_SelectInputTrigger
                0x00000000       0x38 ..\obj\stm32f4xx_tim.o
 .text.TIM_SelectOutputTrigger
                0x00000000       0x38 ..\obj\stm32f4xx_tim.o
 .text.TIM_SelectSlaveMode
                0x00000000       0x38 ..\obj\stm32f4xx_tim.o
 .text.TIM_SelectMasterSlaveMode
                0x00000000       0x38 ..\obj\stm32f4xx_tim.o
 .text.TIM_ETRConfig
                0x00000000       0x54 ..\obj\stm32f4xx_tim.o
 .text.TIM_EncoderInterfaceConfig
                0x00000000       0x98 ..\obj\stm32f4xx_tim.o
 .text.TIM_SelectHallSensor
                0x00000000       0x40 ..\obj\stm32f4xx_tim.o
 .text.TIM_RemapConfig
                0x00000000       0x20 ..\obj\stm32f4xx_tim.o
 .data          0x00000000        0x0 c:/program files (x86)/gnu tools arm embedded/5.4 2016q3/bin/../lib/gcc/arm-none-eabi/5.4.1/armv7e-m\libgcc.a(_arm_addsubdf3.o)
 .bss           0x00000000        0x0 c:/program files (x86)/gnu tools arm embedded/5.4 2016q3/bin/../lib/gcc/arm-none-eabi/5.4.1/armv7e-m\libgcc.a(_arm_addsubdf3.o)
 .data          0x00000000        0x0 c:/program files (x86)/gnu tools arm embedded/5.4 2016q3/bin/../lib/gcc/arm-none-eabi/5.4.1/armv7e-m\libgcc.a(_arm_muldivdf3.o)
 .bss           0x00000000        0x0 c:/program files (x86)/gnu tools arm embedded/5.4 2016q3/bin/../lib/gcc/arm-none-eabi/5.4.1/armv7e-m\libgcc.a(_arm_muldivdf3.o)
 .data          0x00000000        0x0 c:/program files (x86)/gnu tools arm embedded/5.4 2016q3/bin/../lib/gcc/arm-none-eabi/5.4.1/armv7e-m\libgcc.a(_arm_fixunsdfsi.o)
 .bss           0x00000000        0x0 c:/program files (x86)/gnu tools arm embedded/5.4 2016q3/bin/../lib/gcc/arm-none-eabi/5.4.1/armv7e-m\libgcc.a(_arm_fixunsdfsi.o)

Memory Configuration

Name             Origin             Length             Attributes
rom              0x08000000         0x00100000         xr
ram              0x20000000         0x00020000         xrw
ram1             0x10000000         0x00010000         xrw
*default*        0x00000000         0xffffffff

Linker script and memory map

                0x20020000                _eram = 0x20020000

.text           0x08000000    0x27d8a
 *(.isr_vector)
 .isr_vector    0x08000000      0x188 ..\obj\startup_stm32f4xx.o
                0x08000000                g_pfnVectors
 *(.text*)
 .text.USART_Init
                0x08000188      0x174 ..\obj\stm32f4xx_usart.o
                0x08000188                USART_Init
 .text.USART_Cmd
                0x080002fc       0x40 ..\obj\stm32f4xx_usart.o
                0x080002fc                USART_Cmd
 .text.USART_ReceiveData
                0x0800033c       0x20 ..\obj\stm32f4xx_usart.o
                0x0800033c                USART_ReceiveData
 .text.USART_ITConfig
                0x0800035c       0x90 ..\obj\stm32f4xx_usart.o
                0x0800035c                USART_ITConfig
 .text.USART_GetITStatus
                0x080003ec       0xb4 ..\obj\stm32f4xx_usart.o
                0x080003ec                USART_GetITStatus
 .text.NVIC_EnableIRQ
                0x080004a0       0x30 ..\obj\funkcje.o
 .text.DMA_initP2M
                0x080004d0       0x7c ..\obj\funkcje.o
                0x080004d0                DMA_initP2M
 .text.ADC_ScanMode_init
                0x0800054c      0x144 ..\obj\funkcje.o
                0x0800054c                ADC_ScanMode_init
 .text.PWM_Engine_init
                0x08000690      0x100 ..\obj\funkcje.o
                0x08000690                PWM_Engine_init
 .text.Engine_Control_Pins_init
                0x08000790       0x38 ..\obj\funkcje.o
                0x08000790                Engine_Control_Pins_init
 .text.UART_GPIOC_init
                0x080007c8       0xc0 ..\obj\funkcje.o
                0x080007c8                UART_GPIOC_init
 .text.InputCaptureDistanceSensor
                0x08000888       0xd0 ..\obj\funkcje.o
                0x08000888                InputCaptureDistanceSensor
 .text.SpeakerInit
                0x08000958       0xd4 ..\obj\funkcje.o
                0x08000958                SpeakerInit
 .text.DAC_Init
                0x08000a2c       0x64 ..\obj\stm32f4xx_dac.o
                0x08000a2c                DAC_Init
 .text.DAC_Cmd  0x08000a90       0x48 ..\obj\stm32f4xx_dac.o
                0x08000a90                DAC_Cmd
 .text.DAC_SetChannel1Data
                0x08000ad8       0x34 ..\obj\stm32f4xx_dac.o
                0x08000ad8                DAC_SetChannel1Data
 .text.Default_Reset_Handler
                0x08000b0c       0x5c ..\obj\startup_stm32f4xx.o
                0x08000b0c                Default_Reset_Handler
                0x08000b0c                Reset_Handler
 .text.Default_Handler
                0x08000b68        0x8 ..\obj\startup_stm32f4xx.o
                0x08000b68                RTC_Alarm_IRQHandler
                0x08000b68                HASH_RNG_IRQHandler
                0x08000b68                EXTI2_IRQHandler
                0x08000b68                TIM8_CC_IRQHandler
                0x08000b68                DebugMon_Handler
                0x08000b68                TIM1_CC_IRQHandler
                0x08000b68                DMA2_Stream5_IRQHandler
                0x08000b68                HardFault_Handler
                0x08000b68                DMA1_Stream5_IRQHandler
                0x08000b68                SysTick_Handler
                0x08000b68                PVD_IRQHandler
                0x08000b68                SDIO_IRQHandler
                0x08000b68                TAMP_STAMP_IRQHandler
                0x08000b68                PendSV_Handler
                0x08000b68                NMI_Handler
                0x08000b68                CAN2_RX1_IRQHandler
                0x08000b68                EXTI3_IRQHandler
                0x08000b68                TIM8_TRG_COM_TIM14_IRQHandler
                0x08000b68                TIM1_UP_TIM10_IRQHandler
                0x08000b68                TIM8_UP_TIM13_IRQHandler
                0x08000b68                I2C3_ER_IRQHandler
                0x08000b68                EXTI0_IRQHandler
                0x08000b68                I2C2_EV_IRQHandler
                0x08000b68                DMA1_Stream2_IRQHandler
                0x08000b68                CAN1_RX0_IRQHandler
                0x08000b68                FPU_IRQHandler
                0x08000b68                OTG_HS_WKUP_IRQHandler
                0x08000b68                UsageFault_Handler
                0x08000b68                CAN2_SCE_IRQHandler
                0x08000b68                DMA2_Stream2_IRQHandler
                0x08000b68                SPI1_IRQHandler
                0x08000b68                TIM6_DAC_IRQHandler
                0x08000b68                TIM1_BRK_TIM9_IRQHandler
                0x08000b68                DCMI_IRQHandler
                0x08000b68                CAN2_RX0_IRQHandler
                0x08000b68                DMA2_Stream3_IRQHandler
                0x08000b68                USART6_IRQHandler
                0x08000b68                CRYP_IRQHandler
                0x08000b68                CAN1_RX1_IRQHandler
                0x08000b68                UART5_IRQHandler
                0x08000b68                DMA2_Stream0_IRQHandler
                0x08000b68                TIM4_IRQHandler
                0x08000b68                I2C1_EV_IRQHandler
                0x08000b68                DMA1_Stream6_IRQHandler
                0x08000b68                DMA1_Stream1_IRQHandler
                0x08000b68                UART4_IRQHandler
                0x08000b68                RCC_IRQHandler
                0x08000b68                TIM8_BRK_TIM12_IRQHandler
                0x08000b68                EXTI15_10_IRQHandler
                0x08000b68                ADC_IRQHandler
                0x08000b68                DMA1_Stream7_IRQHandler
                0x08000b68                TIM7_IRQHandler
                0x08000b68                CAN2_TX_IRQHandler
                0x08000b68                TIM5_IRQHandler
                0x08000b68                DMA2_Stream7_IRQHandler
                0x08000b68                I2C3_EV_IRQHandler
                0x08000b68                EXTI9_5_IRQHandler
                0x08000b68                RTC_WKUP_IRQHandler
                0x08000b68                ETH_WKUP_IRQHandler
                0x08000b68                SPI2_IRQHandler
                0x08000b68                OTG_HS_EP1_IN_IRQHandler
                0x08000b68                MemManage_Handler
                0x08000b68                DMA1_Stream0_IRQHandler
                0x08000b68                CAN1_TX_IRQHandler
                0x08000b68                SVC_Handler
                0x08000b68                EXTI4_IRQHandler
                0x08000b68                FSMC_IRQHandler
                0x08000b68                ETH_IRQHandler
                0x08000b68                OTG_HS_EP1_OUT_IRQHandler
                0x08000b68                WWDG_IRQHandler
                0x08000b68                OTG_FS_WKUP_IRQHandler
                0x08000b68                TIM1_TRG_COM_TIM11_IRQHandler
                0x08000b68                OTG_HS_IRQHandler
                0x08000b68                EXTI1_IRQHandler
                0x08000b68                USART2_IRQHandler
                0x08000b68                I2C2_ER_IRQHandler
                0x08000b68                DMA2_Stream1_IRQHandler
                0x08000b68                CAN1_SCE_IRQHandler
                0x08000b68                FLASH_IRQHandler
                0x08000b68                DMA2_Stream4_IRQHandler
                0x08000b68                BusFault_Handler
                0x08000b68                USART1_IRQHandler
                0x08000b68                OTG_FS_IRQHandler
                0x08000b68                SPI3_IRQHandler
                0x08000b68                DMA1_Stream4_IRQHandler
                0x08000b68                I2C1_ER_IRQHandler
                0x08000b68                DMA2_Stream6_IRQHandler
                0x08000b68                DMA1_Stream3_IRQHandler
 .text.moveForward
                0x08000b70       0x1c ..\obj\main.o
                0x08000b70                moveForward
 .text.moveBackward
                0x08000b8c       0x1c ..\obj\main.o
                0x08000b8c                moveBackward
 .text.moveLeft
                0x08000ba8       0x1c ..\obj\main.o
                0x08000ba8                moveLeft
 .text.moveRight
                0x08000bc4       0x1c ..\obj\main.o
                0x08000bc4                moveRight
 .text.USART3_IRQHandler
                0x08000be0      0x2fc ..\obj\main.o
                0x08000be0                USART3_IRQHandler
 .text.TIM3_IRQHandler
                0x08000edc       0xac ..\obj\main.o
                0x08000edc                TIM3_IRQHandler
 .text.TIM2_IRQHandler
                0x08000f88      0x128 ..\obj\main.o
                0x08000f88                TIM2_IRQHandler
 .text.FollowLine
                0x080010b0      0x344 ..\obj\main.o
                0x080010b0                FollowLine
 .text.BluetoothControl
                0x080013f4       0xe0 ..\obj\main.o
                0x080013f4                BluetoothControl
 .text.main     0x080014d4       0xc0 ..\obj\main.o
                0x080014d4                main
 .text.RCC_GetClocksFreq
                0x08001594      0x154 ..\obj\stm32f4xx_rcc.o
                0x08001594                RCC_GetClocksFreq
 .text.RCC_AHB1PeriphClockCmd
                0x080016e8       0x3c ..\obj\stm32f4xx_rcc.o
                0x080016e8                RCC_AHB1PeriphClockCmd
 .text.RCC_APB1PeriphClockCmd
                0x08001724       0x3c ..\obj\stm32f4xx_rcc.o
                0x08001724                RCC_APB1PeriphClockCmd
 .text.RCC_APB2PeriphClockCmd
                0x08001760       0x3c ..\obj\stm32f4xx_rcc.o
                0x08001760                RCC_APB2PeriphClockCmd
 .text.ADC_Init
                0x0800179c       0xa8 ..\obj\stm32f4xx_adc.o
                0x0800179c                ADC_Init
 .text.ADC_CommonInit
                0x08001844       0x50 ..\obj\stm32f4xx_adc.o
                0x08001844                ADC_CommonInit
 .text.ADC_Cmd  0x08001894       0x38 ..\obj\stm32f4xx_adc.o
                0x08001894                ADC_Cmd
 .text.ADC_RegularChannelConfig
                0x080018cc      0x194 ..\obj\stm32f4xx_adc.o
                0x080018cc                ADC_RegularChannelConfig
 .text.ADC_SoftwareStartConv
                0x08001a60       0x20 ..\obj\stm32f4xx_adc.o
                0x08001a60                ADC_SoftwareStartConv
 .text.ADC_DMACmd
                0x08001a80       0x38 ..\obj\stm32f4xx_adc.o
                0x08001a80                ADC_DMACmd
 .text.ADC_DMARequestAfterLastTransferCmd
                0x08001ab8       0x38 ..\obj\stm32f4xx_adc.o
                0x08001ab8                ADC_DMARequestAfterLastTransferCmd
 .text.GPIO_Init
                0x08001af0      0x11c ..\obj\stm32f4xx_gpio.o
                0x08001af0                GPIO_Init
 .text.GPIO_ReadInputDataBit
                0x08001c0c       0x34 ..\obj\stm32f4xx_gpio.o
                0x08001c0c                GPIO_ReadInputDataBit
 .text.GPIO_SetBits
                0x08001c40       0x1c ..\obj\stm32f4xx_gpio.o
                0x08001c40                GPIO_SetBits
 .text.GPIO_ResetBits
                0x08001c5c       0x1c ..\obj\stm32f4xx_gpio.o
                0x08001c5c                GPIO_ResetBits
 .text.GPIO_ToggleBits
                0x08001c78       0x24 ..\obj\stm32f4xx_gpio.o
                0x08001c78                GPIO_ToggleBits
 .text.GPIO_PinAFConfig
                0x08001c9c       0x90 ..\obj\stm32f4xx_gpio.o
                0x08001c9c                GPIO_PinAFConfig
 .text.SystemInit
                0x08001d2c       0x5c ..\obj\system_stm32f4xx.o
                0x08001d2c                SystemInit
 .text.SetSysClock
                0x08001d88       0xf4 ..\obj\system_stm32f4xx.o
 .text.DMA_Init
                0x08001e7c       0xac ..\obj\stm32f4xx_dma.o
                0x08001e7c                DMA_Init
 .text.DMA_Cmd  0x08001f28       0x38 ..\obj\stm32f4xx_dma.o
                0x08001f28                DMA_Cmd
 .text.NVIC_PriorityGroupConfig
                0x08001f60       0x24 ..\obj\misc.o
                0x08001f60                NVIC_PriorityGroupConfig
 .text.NVIC_Init
                0x08001f84       0xc0 ..\obj\misc.o
                0x08001f84                NVIC_Init
 .text.TIM_TimeBaseInit
                0x08002044       0xd4 ..\obj\stm32f4xx_tim.o
                0x08002044                TIM_TimeBaseInit
 .text.TIM_Cmd  0x08002118       0x40 ..\obj\stm32f4xx_tim.o
                0x08002118                TIM_Cmd
 .text.TIM_OC1Init
                0x08002158       0xf4 ..\obj\stm32f4xx_tim.o
                0x08002158                TIM_OC1Init
 .text.TIM_OC2Init
                0x0800224c      0x110 ..\obj\stm32f4xx_tim.o
                0x0800224c                TIM_OC2Init
 .text.TIM_OC3Init
                0x0800235c      0x10c ..\obj\stm32f4xx_tim.o
                0x0800235c                TIM_OC3Init
 .text.TIM_OC4Init
                0x08002468       0xcc ..\obj\stm32f4xx_tim.o
                0x08002468                TIM_OC4Init
 .text.TIM_OC1PreloadConfig
                0x08002534       0x38 ..\obj\stm32f4xx_tim.o
                0x08002534                TIM_OC1PreloadConfig
 .text.TIM_OC2PreloadConfig
                0x0800256c       0x3c ..\obj\stm32f4xx_tim.o
                0x0800256c                TIM_OC2PreloadConfig
 .text.TIM_OC3PreloadConfig
                0x080025a8       0x38 ..\obj\stm32f4xx_tim.o
                0x080025a8                TIM_OC3PreloadConfig
 .text.TIM_OC4PreloadConfig
                0x080025e0       0x3c ..\obj\stm32f4xx_tim.o
                0x080025e0                TIM_OC4PreloadConfig
 .text.TIM_ICInit
                0x0800261c       0xa8 ..\obj\stm32f4xx_tim.o
                0x0800261c                TIM_ICInit
 .text.TIM_GetCapture2
                0x080026c4       0x18 ..\obj\stm32f4xx_tim.o
                0x080026c4                TIM_GetCapture2
 .text.TIM_SetIC1Prescaler
                0x080026dc       0x38 ..\obj\stm32f4xx_tim.o
                0x080026dc                TIM_SetIC1Prescaler
 .text.TIM_SetIC2Prescaler
                0x08002714       0x3c ..\obj\stm32f4xx_tim.o
                0x08002714                TIM_SetIC2Prescaler
 .text.TIM_SetIC3Prescaler
                0x08002750       0x38 ..\obj\stm32f4xx_tim.o
                0x08002750                TIM_SetIC3Prescaler
 .text.TIM_SetIC4Prescaler
                0x08002788       0x3c ..\obj\stm32f4xx_tim.o
                0x08002788                TIM_SetIC4Prescaler
 .text.TIM_ITConfig
                0x080027c4       0x48 ..\obj\stm32f4xx_tim.o
                0x080027c4                TIM_ITConfig
 .text.TIM_GetITStatus
                0x0800280c       0x54 ..\obj\stm32f4xx_tim.o
                0x0800280c                TIM_GetITStatus
 .text.TIM_ClearITPendingBit
                0x08002860       0x20 ..\obj\stm32f4xx_tim.o
                0x08002860                TIM_ClearITPendingBit
 .text.TI1_Config
                0x08002880       0x84 ..\obj\stm32f4xx_tim.o
 .text.TI2_Config
                0x08002904       0x98 ..\obj\stm32f4xx_tim.o
 .text.TI3_Config
                0x0800299c       0x90 ..\obj\stm32f4xx_tim.o
 .text.TI4_Config
                0x08002a2c       0x9c ..\obj\stm32f4xx_tim.o
 .text          0x08002ac8      0x370 c:/program files (x86)/gnu tools arm embedded/5.4 2016q3/bin/../lib/gcc/arm-none-eabi/5.4.1/armv7e-m\libgcc.a(_arm_addsubdf3.o)
                0x08002ac8                __aeabi_drsub
                0x08002ad0                __aeabi_dsub
                0x08002ad0                __subdf3
                0x08002ad4                __aeabi_dadd
                0x08002ad4                __adddf3
                0x08002d4c                __floatunsidf
                0x08002d4c                __aeabi_ui2d
                0x08002d6c                __floatsidf
                0x08002d6c                __aeabi_i2d
                0x08002d90                __aeabi_f2d
                0x08002d90                __extendsfdf2
                0x08002dcc                __floatundidf
                0x08002dcc                __aeabi_ul2d
                0x08002ddc                __floatdidf
                0x08002ddc                __aeabi_l2d
 .text          0x08002e38      0x424 c:/program files (x86)/gnu tools arm embedded/5.4 2016q3/bin/../lib/gcc/arm-none-eabi/5.4.1/armv7e-m\libgcc.a(_arm_muldivdf3.o)
                0x08002e38                __aeabi_dmul
                0x08002e38                __muldf3
                0x0800308c                __divdf3
                0x0800308c                __aeabi_ddiv
 .text          0x0800325c       0x40 c:/program files (x86)/gnu tools arm embedded/5.4 2016q3/bin/../lib/gcc/arm-none-eabi/5.4.1/armv7e-m\libgcc.a(_arm_fixunsdfsi.o)
                0x0800325c                __aeabi_d2uiz
                0x0800325c                __fixunsdfsi
 *(.init)
 *(.fini)
 *crtbegin.o(.ctors)
 *crtbegin?.o(.ctors)
 *(EXCLUDE_FILE(*crtend.o *crtend?.o) .ctors)
 *(SORT(.ctors.*))
 *(.ctors)
 *crtbegin.o(.dtors)
 *crtbegin?.o(.dtors)
 *(EXCLUDE_FILE(*crtend.o *crtend?.o) .dtors)
 *(SORT(.dtors.*))
 *(.dtors)
 *(.rodata*)
 .rodata        0x0800329c     0xd39e ..\obj\czesc.o
                0x0800329c                rawData
 *fill*         0x0801063a        0x2 
 .rodata        0x0801063c    0x1774e ..\obj\brum.o
                0x0801063c                rawData2
 *(.eh_fram e*)

.glue_7         0x08027d8c        0x0
 .glue_7        0x08027d8c        0x0 linker stubs

.glue_7t        0x08027d8c        0x0
 .glue_7t       0x08027d8c        0x0 linker stubs

.vfp11_veneer   0x08027d8c        0x0
 .vfp11_veneer  0x08027d8c        0x0 linker stubs

.v4_bx          0x08027d8c        0x0
 .v4_bx         0x08027d8c        0x0 linker stubs

.iplt           0x08027d8c        0x0
 .iplt          0x08027d8c        0x0 ..\obj\stm32f4xx_syscfg.o

.rel.dyn        0x08027d8c        0x0
 .rel.iplt      0x08027d8c        0x0 ..\obj\stm32f4xx_syscfg.o

.ARM.extab
 *(.ARM.extab* .gnu.linkonce.armextab.*)
                0x08027d8c                __exidx_start = .

.ARM.exidx
 *(.ARM.exidx* .gnu.linkonce.armexidx.*)
                0x08027d8c                __exidx_end = .
                0x08027d8c                __etext = .
                0x08027d8a                _sidata = __etext

.data           0x20000000       0x38 load address 0x08027d8a
                0x20000000                __data_start__ = .
                0x20000000                _sdata = __data_start__
 *(vtable)
 *(.data*)
 .data          0x20000000       0x25 ..\obj\main.o
                0x20000000                ActiveMode
                0x20000002                sensorThreshold
                0x20000004                Kp
                0x20000008                Kd
                0x2000000c                Tp
                0x20000010                left3SensorValue
                0x20000012                left2SensorValue
                0x20000014                left1SensorValue
                0x20000016                right1SensorValue
                0x20000018                right2SensorValue
                0x2000001a                right3SensorValue
                0x2000001c                ultrawaveSensorEnabled
                0x20000020                volume
                0x20000024                sound
 *fill*         0x20000025        0x3 
 .data          0x20000028       0x10 ..\obj\stm32f4xx_rcc.o
                0x20000038                . = ALIGN (0x4)
                [!provide]                PROVIDE (__preinit_array_start, .)
 *(.preinit_array)
                [!provide]                PROVIDE (__preinit_array_end, .)
                0x20000038                . = ALIGN (0x4)
                [!provide]                PROVIDE (__init_array_start, .)
 *(SORT(.init_array.*))
 *(.init_array)
                [!provide]                PROVIDE (__init_array_end, .)
                0x20000038                . = ALIGN (0x4)
                [!provide]                PROVIDE (__fini_array_start, .)
 *(SORT(.fini_array.*))
 *(.fini_array)
                [!provide]                PROVIDE (__fini_array_end, .)
 *(.jcr*)
                0x20000038                . = ALIGN (0x4)
                0x20000038                __data_end__ = .
                0x20000038                _edata = __data_end__

.igot.plt       0x20000038        0x0 load address 0x08027dc4
 .igot.plt      0x20000038        0x0 ..\obj\stm32f4xx_syscfg.o

.bss            0x20000038       0x68 load address 0x08027dc4
                0x20000038                . = ALIGN (0x4)
                0x20000038                __bss_start__ = .
                0x20000038                _sbss = __bss_start__
 *(.bss*)
 .bss           0x20000038       0x3f ..\obj\main.o
                0x20000038                index
                0x2000003c                X
                0x2000003d                Y
                0x2000003e                direction
                0x20000040                timer2cnt
                0x20000042                right3
                0x20000044                right2
                0x20000046                right1
                0x20000048                middle1
                0x2000004a                middle2
                0x2000004c                left1
                0x2000004e                left2
                0x20000050                left3
                0x20000054                currentPosition
                0x20000058                sensorsCounter
                0x2000005c                error
                0x20000060                PWM_change
                0x20000064                lastValue
                0x20000068                lastKnownPosition
                0x2000006c                middle2SensorValue
                0x2000006e                middle1SensorValue
                0x20000070                inputCaptureValue
                0x20000072                inputCaptureValue2
                0x20000074                distance
                0x20000076                soundEnabled
 *(COMMON)
 *fill*         0x20000077        0x1 
 COMMON         0x20000078       0x10 ..\obj\funkcje.o
                0x20000078                valueFromADC
 COMMON         0x20000088       0x15 ..\obj\main.o
                0x20000088                array_index
                0x2000008c                ultrawavesensorHightime
                0x2000008e                dac
                0x20000090                PWM_Right
                0x20000094                PWM_Left
                0x20000098                cmd
                0x200000a0                . = ALIGN (0x4)
 *fill*         0x2000009d        0x3 
                0x200000a0                __bss_end__ = .
                0x200000a0                _ebss = __bss_end__

.heap           0x200000a0        0x0
                0x200000a0                __end__ = .
                0x200000a0                _end = __end__
                0x200000a0                end = __end__
 *(.heap*)
                0x200000a0                __HeapLimit = .

.co_stack       0x200000a0      0x800 load address 0x08027e2c
                0x200000a0                . = ALIGN (0x8)
 *(.co_stack .co_stack.*)
 .co_stack      0x200000a0      0x800 ..\obj\startup_stm32f4xx.o
                0x200000a0                pulStack
                0x20020000                __StackTop = (ORIGIN (ram) + LENGTH (ram))
                0x2001f800                __StackLimit = (__StackTop - SIZEOF (.co_stack))
                [!provide]                PROVIDE (__stack, __StackTop)
                0x00000001                ASSERT ((__StackLimit >= __HeapLimit), region ram  overflowed with stack)
LOAD ..\obj\stm32f4xx_syscfg.o
LOAD ..\obj\czesc.o
LOAD ..\obj\stm32f4xx_usart.o
LOAD ..\obj\funkcje.o
LOAD ..\obj\stm32f4xx_dac.o
LOAD ..\obj\startup_stm32f4xx.o
LOAD ..\obj\main.o
LOAD ..\obj\stm32f4xx_rcc.o
LOAD ..\obj\stm32f4xx_adc.o
LOAD ..\obj\brum.o
LOAD ..\obj\stm32f4xx_gpio.o
LOAD ..\obj\system_stm32f4xx.o
LOAD ..\obj\stm32f4xx_dma.o
LOAD ..\obj\stm32f4xx_exti.o
LOAD ..\obj\misc.o
LOAD ..\obj\stm32f4xx_tim.o
START GROUP
LOAD c:/program files (x86)/gnu tools arm embedded/5.4 2016q3/bin/../lib/gcc/arm-none-eabi/5.4.1/armv7e-m\libgcc.a
LOAD c:/program files (x86)/gnu tools arm embedded/5.4 2016q3/bin/../lib/gcc/arm-none-eabi/5.4.1/../../../../arm-none-eabi/lib/armv7e-m\libg.a
LOAD c:/program files (x86)/gnu tools arm embedded/5.4 2016q3/bin/../lib/gcc/arm-none-eabi/5.4.1/../../../../arm-none-eabi/lib/armv7e-m\libc.a
END GROUP
OUTPUT(LF.elf elf32-littlearm)

.debug_info     0x00000000     0x7a0d
 .debug_info    0x00000000       0xdb ..\obj\czesc.o
 .debug_info    0x000000db      0x9ca ..\obj\stm32f4xx_usart.o
 .debug_info    0x00000aa5      0xfc4 ..\obj\funkcje.o
 .debug_info    0x00001a69      0x642 ..\obj\stm32f4xx_dac.o
 .debug_info    0x000020ab       0xf2 ..\obj\startup_stm32f4xx.o
 .debug_info    0x0000219d      0xa11 ..\obj\main.o
 .debug_info    0x00002bae      0xc63 ..\obj\stm32f4xx_rcc.o
 .debug_info    0x00003811      0xc40 ..\obj\stm32f4xx_adc.o
 .debug_info    0x00004451       0xdd ..\obj\brum.o
 .debug_info    0x0000452e      0x61a ..\obj\stm32f4xx_gpio.o
 .debug_info    0x00004b48      0x5c5 ..\obj\system_stm32f4xx.o
 .debug_info    0x0000510d      0x741 ..\obj\stm32f4xx_dma.o
 .debug_info    0x0000584e      0x556 ..\obj\misc.o
 .debug_info    0x00005da4     0x1c69 ..\obj\stm32f4xx_tim.o

.debug_abbrev   0x00000000     0x129c
 .debug_abbrev  0x00000000       0x80 ..\obj\czesc.o
 .debug_abbrev  0x00000080      0x157 ..\obj\stm32f4xx_usart.o
 .debug_abbrev  0x000001d7      0x1e6 ..\obj\funkcje.o
 .debug_abbrev  0x000003bd      0x17e ..\obj\stm32f4xx_dac.o
 .debug_abbrev  0x0000053b       0xb0 ..\obj\startup_stm32f4xx.o
 .debug_abbrev  0x000005eb      0x1ae ..\obj\main.o
 .debug_abbrev  0x00000799      0x1e5 ..\obj\stm32f4xx_rcc.o
 .debug_abbrev  0x0000097e      0x198 ..\obj\stm32f4xx_adc.o
 .debug_abbrev  0x00000b16       0x80 ..\obj\brum.o
 .debug_abbrev  0x00000b96      0x1a7 ..\obj\stm32f4xx_gpio.o
 .debug_abbrev  0x00000d3d      0x138 ..\obj\system_stm32f4xx.o
 .debug_abbrev  0x00000e75      0x157 ..\obj\stm32f4xx_dma.o
 .debug_abbrev  0x00000fcc      0x147 ..\obj\misc.o
 .debug_abbrev  0x00001113      0x189 ..\obj\stm32f4xx_tim.o

.debug_aranges  0x00000000      0xa18
 .debug_aranges
                0x00000000       0x18 ..\obj\czesc.o
 .debug_aranges
                0x00000018      0x100 ..\obj\stm32f4xx_usart.o
 .debug_aranges
                0x00000118       0x58 ..\obj\funkcje.o
 .debug_aranges
                0x00000170       0xa0 ..\obj\stm32f4xx_dac.o
 .debug_aranges
                0x00000210       0x28 ..\obj\startup_stm32f4xx.o
 .debug_aranges
                0x00000238       0x68 ..\obj\main.o
 .debug_aranges
                0x000002a0      0x178 ..\obj\stm32f4xx_rcc.o
 .debug_aranges
                0x00000418      0x148 ..\obj\stm32f4xx_adc.o
 .debug_aranges
                0x00000560       0x18 ..\obj\brum.o
 .debug_aranges
                0x00000578       0x88 ..\obj\stm32f4xx_gpio.o
 .debug_aranges
                0x00000600       0x30 ..\obj\system_stm32f4xx.o
 .debug_aranges
                0x00000630       0xb0 ..\obj\stm32f4xx_dma.o
 .debug_aranges
                0x000006e0       0x40 ..\obj\misc.o
 .debug_aranges
                0x00000720      0x2f8 ..\obj\stm32f4xx_tim.o

.debug_line     0x00000000     0x333b
 .debug_line    0x00000000      0x178 ..\obj\czesc.o
 .debug_line    0x00000178      0x4ad ..\obj\stm32f4xx_usart.o
 .debug_line    0x00000625      0x37a ..\obj\funkcje.o
 .debug_line    0x0000099f      0x346 ..\obj\stm32f4xx_dac.o
 .debug_line    0x00000ce5       0x96 ..\obj\startup_stm32f4xx.o
 .debug_line    0x00000d7b      0x31a ..\obj\main.o
 .debug_line    0x00001095      0x599 ..\obj\stm32f4xx_rcc.o
 .debug_line    0x0000162e      0x551 ..\obj\stm32f4xx_adc.o
 .debug_line    0x00001b7f      0x177 ..\obj\brum.o
 .debug_line    0x00001cf6      0x354 ..\obj\stm32f4xx_gpio.o
 .debug_line    0x0000204a      0x1ec ..\obj\system_stm32f4xx.o
 .debug_line    0x00002236      0x41e ..\obj\stm32f4xx_dma.o
 .debug_line    0x00002654      0x232 ..\obj\misc.o
 .debug_line    0x00002886      0xab5 ..\obj\stm32f4xx_tim.o

.debug_str      0x00000000     0x3384
 .debug_str     0x00000000      0x123 ..\obj\czesc.o
                                0x167 (size before relaxing)
 .debug_str     0x00000123      0x513 ..\obj\stm32f4xx_usart.o
                                0x684 (size before relaxing)
 .debug_str     0x00000636      0xd56 ..\obj\funkcje.o
                                0xfa8 (size before relaxing)
 .debug_str     0x0000138c      0x229 ..\obj\stm32f4xx_dac.o
                                0x448 (size before relaxing)
 .debug_str     0x000015b5       0xa5 ..\obj\startup_stm32f4xx.o
                                0x13c (size before relaxing)
 .debug_str     0x0000165a      0x2a7 ..\obj\main.o
                                0x5e3 (size before relaxing)
 .debug_str     0x00001901      0x5d8 ..\obj\stm32f4xx_rcc.o
                                0x845 (size before relaxing)
 .debug_str     0x00001ed9      0x4cf ..\obj\stm32f4xx_adc.o
                                0x7f9 (size before relaxing)
 .debug_str     0x000023a8       0x24 ..\obj\brum.o
                                0x167 (size before relaxing)
 .debug_str     0x000023cc      0x198 ..\obj\stm32f4xx_gpio.o
                                0x498 (size before relaxing)
 .debug_str     0x00002564      0x10d ..\obj\system_stm32f4xx.o
                                0x39f (size before relaxing)
 .debug_str     0x00002671      0x25c ..\obj\stm32f4xx_dma.o
                                0x537 (size before relaxing)
 .debug_str     0x000028cd      0x11e ..\obj\misc.o
                                0x3c3 (size before relaxing)
 .debug_str     0x000029eb      0x999 ..\obj\stm32f4xx_tim.o
                                0xdc5 (size before relaxing)

.comment        0x00000000       0x6e
 .comment       0x00000000       0x6e ..\obj\czesc.o
                                 0x6f (size before relaxing)
 .comment       0x0000006e       0x6f ..\obj\stm32f4xx_usart.o
 .comment       0x0000006e       0x6f ..\obj\funkcje.o
 .comment       0x0000006e       0x6f ..\obj\stm32f4xx_dac.o
 .comment       0x0000006e       0x6f ..\obj\startup_stm32f4xx.o
 .comment       0x0000006e       0x6f ..\obj\main.o
 .comment       0x0000006e       0x6f ..\obj\stm32f4xx_rcc.o
 .comment       0x0000006e       0x6f ..\obj\stm32f4xx_adc.o
 .comment       0x0000006e       0x6f ..\obj\brum.o
 .comment       0x0000006e       0x6f ..\obj\stm32f4xx_gpio.o
 .comment       0x0000006e       0x6f ..\obj\system_stm32f4xx.o
 .comment       0x0000006e       0x6f ..\obj\stm32f4xx_dma.o
 .comment       0x0000006e       0x6f ..\obj\misc.o
 .comment       0x0000006e       0x6f ..\obj\stm32f4xx_tim.o

.ARM.attributes
                0x00000000       0x33
 .ARM.attributes
                0x00000000       0x33 ..\obj\czesc.o
 .ARM.attributes
                0x00000033       0x33 ..\obj\stm32f4xx_usart.o
 .ARM.attributes
                0x00000066       0x33 ..\obj\funkcje.o
 .ARM.attributes
                0x00000099       0x33 ..\obj\stm32f4xx_dac.o
 .ARM.attributes
                0x000000cc       0x33 ..\obj\startup_stm32f4xx.o
 .ARM.attributes
                0x000000ff       0x33 ..\obj\main.o
 .ARM.attributes
                0x00000132       0x33 ..\obj\stm32f4xx_rcc.o
 .ARM.attributes
                0x00000165       0x33 ..\obj\stm32f4xx_adc.o
 .ARM.attributes
                0x00000198       0x33 ..\obj\brum.o
 .ARM.attributes
                0x000001cb       0x33 ..\obj\stm32f4xx_gpio.o
 .ARM.attributes
                0x000001fe       0x33 ..\obj\system_stm32f4xx.o
 .ARM.attributes
                0x00000231       0x33 ..\obj\stm32f4xx_dma.o
 .ARM.attributes
                0x00000264       0x33 ..\obj\misc.o
 .ARM.attributes
                0x00000297       0x33 ..\obj\stm32f4xx_tim.o
 .ARM.attributes
                0x000002ca       0x1e c:/program files (x86)/gnu tools arm embedded/5.4 2016q3/bin/../lib/gcc/arm-none-eabi/5.4.1/armv7e-m\libgcc.a(_arm_addsubdf3.o)
 .ARM.attributes
                0x000002e8       0x1e c:/program files (x86)/gnu tools arm embedded/5.4 2016q3/bin/../lib/gcc/arm-none-eabi/5.4.1/armv7e-m\libgcc.a(_arm_muldivdf3.o)
 .ARM.attributes
                0x00000306       0x1e c:/program files (x86)/gnu tools arm embedded/5.4 2016q3/bin/../lib/gcc/arm-none-eabi/5.4.1/armv7e-m\libgcc.a(_arm_fixunsdfsi.o)

.debug_ranges   0x00000000      0x928
 .debug_ranges  0x00000000       0xf0 ..\obj\stm32f4xx_usart.o
 .debug_ranges  0x000000f0       0x48 ..\obj\funkcje.o
 .debug_ranges  0x00000138       0x90 ..\obj\stm32f4xx_dac.o
 .debug_ranges  0x000001c8       0x18 ..\obj\startup_stm32f4xx.o
 .debug_ranges  0x000001e0       0x58 ..\obj\main.o
 .debug_ranges  0x00000238      0x168 ..\obj\stm32f4xx_rcc.o
 .debug_ranges  0x000003a0      0x138 ..\obj\stm32f4xx_adc.o
 .debug_ranges  0x000004d8       0x78 ..\obj\stm32f4xx_gpio.o
 .debug_ranges  0x00000550       0x20 ..\obj\system_stm32f4xx.o
 .debug_ranges  0x00000570       0xa0 ..\obj\stm32f4xx_dma.o
 .debug_ranges  0x00000610       0x30 ..\obj\misc.o
 .debug_ranges  0x00000640      0x2e8 ..\obj\stm32f4xx_tim.o

.debug_frame    0x00000000     0x2ba4
 .debug_frame   0x00000000      0x490 ..\obj\stm32f4xx_usart.o
 .debug_frame   0x00000490      0x134 ..\obj\funkcje.o
 .debug_frame   0x000005c4      0x2ac ..\obj\stm32f4xx_dac.o
 .debug_frame   0x00000870       0x4c ..\obj\startup_stm32f4xx.o
 .debug_frame   0x000008bc      0x13c ..\obj\main.o
 .debug_frame   0x000009f8      0x6d4 ..\obj\stm32f4xx_rcc.o
 .debug_frame   0x000010cc      0x5ec ..\obj\stm32f4xx_adc.o
 .debug_frame   0x000016b8      0x23c ..\obj\stm32f4xx_gpio.o
 .debug_frame   0x000018f4       0x7c ..\obj\system_stm32f4xx.o
 .debug_frame   0x00001970      0x308 ..\obj\stm32f4xx_dma.o
 .debug_frame   0x00001c78       0xd8 ..\obj\misc.o
 .debug_frame   0x00001d50      0xe54 ..\obj\stm32f4xx_tim.o
